// Jest Snapshot v1, https://goo.gl/fbAQLP

exports[`ConditionEditor renders 1`] = `
<DocumentFragment>
  <p>
    Please select the conditions for customer order.
  </p>
  <div
    class="profile-selector"
    data-testid="profile-selector"
  >
    <button
      class="button--component ghost-grey-600 button--component--icon-only profile-selector-delete-button btn btn-light btn-sm"
      data-testid="profile-selector-delete-button"
      type="button"
    >
      <svg
        fill="none"
        height="14"
        opacity="1"
        stroke="#051022"
        stroke-linecap="round"
        stroke-linejoin="round"
        stroke-width="2"
        viewBox="0 0 24 24"
        width="14"
        xmlns="http://www.w3.org/2000/svg"
      >
        <polyline
          points="3 6 5 6 21 6"
        />
        <path
          d="M19 6v14a2 2 0 0 1-2 2H7a2 2 0 0 1-2-2V6m3 0V4a2 2 0 0 1 2-2h4a2 2 0 0 1 2 2v2"
        />
        <line
          x1="10"
          x2="10"
          y1="11"
          y2="17"
        />
        <line
          x1="14"
          x2="14"
          y1="11"
          y2="17"
        />
      </svg>
    </button>
    <div
      class="profile-selector-labels"
    >
      <label
        class="field-input form-label"
      >
        Select field
      </label>
      <label
        class="comparator-input form-label"
      >
        Comparator
      </label>
      <label
        class="value-input form-label"
      >
        Value
      </label>
    </div>
    <form
      class="was-validated"
      novalidate=""
    >
      <div
        class="profile-selector-row"
      >
        <div
          class="profile-selector-form-control field-input form-group"
        >
          <select
            class="form-control"
            data-testid="profile-editor-field-key-control"
            id="field-input"
            name="fieldKey"
          >
            <option
              value="profile.VisitAttributes.FirstPlatformDevice"
            >
              First Platform Device
            </option>
            <option
              value="profile.VisitAttributes.TotalVisits"
            >
              Total Visits
            </option>
            <option
              value="profile.VisitAttributes.LastVisitTimestamp"
            >
              Last Visit Timestamp
            </option>
            <option
              value="profile.VisitAttributes.IsGuest"
            >
              Guest
            </option>
            <option
              value="profile.OrderAttributes.NightHourOrderRate"
            >
              Night Hour Order Rate
            </option>
            <option
              value="dummyProfile.freeTextInput"
            >
              Free Text Input
            </option>
            <option
              value="profile.VisitAttributes.SignedUpDateLocal"
            >
              Signed Up Date
            </option>
          </select>
        </div>
        <div
          class="profile-selector-form-control comparator-input form-group"
        >
          <select
            class="form-control"
            data-testid="profile-editor-comparator-control"
            id="comparator-input"
            name="comparator"
          >
            <option
              value="="
            >
              =
            </option>
            <option
              value="in"
            >
              in
            </option>
          </select>
        </div>
        <div
          class="profile-selector-form-control value-input form-group"
        >
          <select
            class="form-control"
            data-testid="profile-editor-select-control"
            id="value-input"
            name="value"
          >
            <option
              value="android"
            >
              Android
            </option>
            <option
              value="ios"
            >
              iOS
            </option>
            <option
              value="mweb"
            >
              Mobile Web
            </option>
          </select>
        </div>
      </div>
    </form>
  </div>
  <div
    class="tab-content-footer"
  >
    <button
      class="button--component tab-content-footer-remove-btn btn btn-outline-primary"
      data-testid="tab-content-footer-remove-btn"
      type="button"
    >
      Cancel
    </button>
    <button
      class="button--component tab-content-footer-select-btn btn btn-primary"
      data-testid="tab-content-footer-select-btn"
      type="button"
    >
      Apply
    </button>
  </div>
</DocumentFragment>
`;
